Added Component: Designator=B1(ESP32-H2-MINI-1-NX)
Add component (AddParameter): Name = "Datasheet Link"; Value = "https://www.espressif.com/sites/default/files/documentation/esp32-h2-mini-1_mini-1u_datasheet_en.pdf"; VariantName = "[No Variations]"
Add component (AddParameter): Name = "Geometry.Height"; Value = "2.55mm"; VariantName = "[No Variations]"
Add component (AddParameter): Name = "LCSC"; Value = "N-C18203134/U-C22470215"; VariantName = "[No Variations]"
Add component (AddParameter): Name = "Manufacturer_Name"; Value = "Espressif Systems"; VariantName = "[No Variations]"
Add component (AddParameter): Name = "Manufacturer_Part_Number"; Value = "ESP32-H2-MINI-1-N4"; VariantName = "[No Variations]"
Added Component: Designator=B2(MCP3021A5T-E_OT)
Add component (AddParameter): Name = "Datasheet Link"; Value = "https://lcsc.componentsearchengine.com/Datasheets/2/MCP3021A5T-E_OT.pdf"; VariantName = "[No Variations]"
Add component (AddParameter): Name = "Foot Print"; Value = "SOT-23-5"; VariantName = "[No Variations]"
Add component (AddParameter): Name = "Geometry.Height"; Value = "1.45mm"; VariantName = "[No Variations]"
Add component (AddParameter): Name = "LCSC"; Value = "C128576"; VariantName = "[No Variations]"
Add component (AddParameter): Name = "Manufacturer_Name"; Value = "Microchip"; VariantName = "[No Variations]"
Add component (AddParameter): Name = "Manufacturer_Part_Number"; Value = "MCP3021A5T-E/OT"; VariantName = "[No Variations]"
Added Component: Designator=B3(W25Q64JVSSIQ)
Add component (AddParameter): Name = "Datasheet Link"; Value = "https://www.winbond.com/hq/search-resource-file.jsp?partNo=W25Q64JVSSIQ&type=datasheet"; VariantName = "[No Variations]"
Add component (AddParameter): Name = "Geometry.Height"; Value = "2.16mm"; VariantName = "[No Variations]"
Add component (AddParameter): Name = "LCSC"; Value = "C179171"; VariantName = "[No Variations]"
Add component (AddParameter): Name = "Manufacturer_Name"; Value = "Winbond"; VariantName = "[No Variations]"
Add component (AddParameter): Name = "Manufacturer_Part_Number"; Value = "W25Q64JVSSIQ"; VariantName = "[No Variations]"
Added Component: Designator=B4(AP2331W-7-(SOT-23-3))
Add component (AddParameter): Name = "Datasheet Link"; Value = "https://www.diodes.com//assets/Datasheets/AP2331.pdf"; VariantName = "[No Variations]"
Add component (AddParameter): Name = "Geometry.Height"; Value = "1.3mm"; VariantName = "[No Variations]"
Add component (AddParameter): Name = "LCSC"; Value = "SC-59 : C460346 , SOT23 :  C500764"; VariantName = "[No Variations]"
Add component (AddParameter): Name = "Manufacturer_Name"; Value = "Diodes Incorporated"; VariantName = "[No Variations]"
Add component (AddParameter): Name = "Manufacturer_Part_Number"; Value = "AP2331W-7"; VariantName = "[No Variations]"
Add component (AddParameter): Name = "Package"; Value = "SC-59 , SOT-23"; VariantName = "[No Variations]"
Added Component: Designator=B5(DW03)
Add component (AddParameter): Name = "Datasheet Link"; Value = "https://www.lcsc.com/datasheet/C18198382.pdf"; VariantName = "[No Variations]"
Add component (AddParameter): Name = "Geometry.Height"; Value = "1.45mm"; VariantName = "[No Variations]"
Add component (AddParameter): Name = "LCSC"; Value = "C18198382"; VariantName = "[No Variations]"
Add component (AddParameter): Name = "Manufacturer_Name"; Value = "HXY MOSFET"; VariantName = "[No Variations]"
Add component (AddParameter): Name = "Manufacturer_Part_Number"; Value = "DW03"; VariantName = "[No Variations]"
Added Component: Designator=B6(BH18650B1BA002)
Add component (AddParameter): Name = "Arrow Part Number"; Value = ""; VariantName = "[No Variations]"
Add component (AddParameter): Name = "Arrow Price/Stock"; Value = ""; VariantName = "[No Variations]"
Add component (AddParameter): Name = "Datasheet Link"; Value = "https://datasheet.lcsc.com/lcsc/2204021730_MYOUNG-BH-18650-B1BA002_C2988620.pdf"; VariantName = "[No Variations]"
Add component (AddParameter): Name = "Geometry.Height"; Value = "15.06mm"; VariantName = "[No Variations]"
Add component (AddParameter): Name = "Manufacturer_Name"; Value = "MYOUNG"; VariantName = "[No Variations]"
Add component (AddParameter): Name = "Manufacturer_Part_Number"; Value = "BH-18650-B1BA002"; VariantName = "[No Variations]"
Add component (AddParameter): Name = "Mouser Part Number"; Value = ""; VariantName = "[No Variations]"
Add component (AddParameter): Name = "Mouser Price/Stock"; Value = ""; VariantName = "[No Variations]"
Added Component: Designator=B7(MCP1700T-SOT23)
Add component (AddParameter): Name = "Datasheet Link"; Value = "https://datasheet.datasheetarchive.com/originals/distributors/SFDatasheet-4/sf-00090030.pdf"; VariantName = "[No Variations]"
Add component (AddParameter): Name = "Geometry.Height"; Value = "1.12mm"; VariantName = "[No Variations]"
Add component (AddParameter): Name = "Iq"; Value = "1.6 uA"; VariantName = "[No Variations]"
Add component (AddParameter): Name = "LCSC"; Value = "C39051"; VariantName = "[No Variations]"
Add component (AddParameter): Name = "MFPN"; Value = "MCP1700T-3302E/TT"; VariantName = "[No Variations]"
Add component (AddParameter): Name = "MPN"; Value = "Microchip"; VariantName = "[No Variations]"
Added Component: Designator=C1(CAP_0603)
Added Component: Designator=C2(CAP_0603)
Added Component: Designator=C3(CAP_0603)
Added Component: Designator=C4(CAP_0603)
Added Component: Designator=C5(CAP_0603)
Added Component: Designator=C6(CAP_0603)
Added Component: Designator=C7(CAP_0603)
Added Component: Designator=C8(CAP_0603)
Added Component: Designator=C9(CAP_0603)
Added Component: Designator=C10(CAP_0603)
Added Component: Designator=C11(CAP_0603)
Added Component: Designator=C12(CAP_0603)
Added Component: Designator=C13(CAP_0603)
Added Component: Designator=C14(CAP_0603)
Added Component: Designator=C15(CAP_0603)
Added Component: Designator=C16(CAP_0603)
Added Component: Designator=C17(CAP_0603)
Added Component: Designator=C18(CAP_0603)
Added Component: Designator=C19(CAP_0603)
Added Component: Designator=C20(CAP_0603)
Add component (AddParameter): Name = "Arrow Part Number"; Value = "CL05A105KP5NNNC"; VariantName = "[No Variations]"
Add component (AddParameter): Name = "Arrow Price/Stock"; Value = "https://www.arrow.com/en/products/cl05a105kp5nnnc/samsung-electro-mechanics?region=nac"; VariantName = "[No Variations]"
Add component (AddParameter): Name = "Datasheet Link"; Value = "https://www.arrow.com/en/products/cl05a105kp5nnnc/samsung-electro-mechanics"; VariantName = "[No Variations]"
Add component (AddParameter): Name = "Geometry.Height"; Value = "0.55mm"; VariantName = "[No Variations]"
Add component (AddParameter): Name = "Manufacturer_Name"; Value = "SAMSUNG"; VariantName = "[No Variations]"
Add component (AddParameter): Name = "Manufacturer_Part_Number"; Value = "CL05A105KP5NNNC"; VariantName = "[No Variations]"
Add component (AddParameter): Name = "Mouser Part Number"; Value = "187-CL05A105KP5NNNC"; VariantName = "[No Variations]"
Add component (AddParameter): Name = "Mouser Price/Stock"; Value = "https://www.mouser.co.uk/ProductDetail/Samsung-Electro-Mechanics/CL05A105KP5NNNC?qs=X6jEic%2FHinBsUeNeR9HD7w%3D%3D"; VariantName = "[No Variations]"
Added Component: Designator=C21(CAP_0603)
Add component (AddParameter): Name = "Arrow Part Number"; Value = "CL05A105KP5NNNC"; VariantName = "[No Variations]"
Add component (AddParameter): Name = "Arrow Price/Stock"; Value = "https://www.arrow.com/en/products/cl05a105kp5nnnc/samsung-electro-mechanics?region=nac"; VariantName = "[No Variations]"
Add component (AddParameter): Name = "Datasheet Link"; Value = "https://www.arrow.com/en/products/cl05a105kp5nnnc/samsung-electro-mechanics"; VariantName = "[No Variations]"
Add component (AddParameter): Name = "Geometry.Height"; Value = "0.55mm"; VariantName = "[No Variations]"
Add component (AddParameter): Name = "Manufacturer_Name"; Value = "SAMSUNG"; VariantName = "[No Variations]"
Add component (AddParameter): Name = "Manufacturer_Part_Number"; Value = "CL05A105KP5NNNC"; VariantName = "[No Variations]"
Add component (AddParameter): Name = "Mouser Part Number"; Value = "187-CL05A105KP5NNNC"; VariantName = "[No Variations]"
Add component (AddParameter): Name = "Mouser Price/Stock"; Value = "https://www.mouser.co.uk/ProductDetail/Samsung-Electro-Mechanics/CL05A105KP5NNNC?qs=X6jEic%2FHinBsUeNeR9HD7w%3D%3D"; VariantName = "[No Variations]"
Added Component: Designator=C22(CAP_0603)
Add component (AddParameter): Name = "Arrow Part Number"; Value = "CL05A105KP5NNNC"; VariantName = "[No Variations]"
Add component (AddParameter): Name = "Arrow Price/Stock"; Value = "https://www.arrow.com/en/products/cl05a105kp5nnnc/samsung-electro-mechanics?region=nac"; VariantName = "[No Variations]"
Add component (AddParameter): Name = "Datasheet Link"; Value = "https://www.arrow.com/en/products/cl05a105kp5nnnc/samsung-electro-mechanics"; VariantName = "[No Variations]"
Add component (AddParameter): Name = "Geometry.Height"; Value = "0.55mm"; VariantName = "[No Variations]"
Add component (AddParameter): Name = "Manufacturer_Name"; Value = "SAMSUNG"; VariantName = "[No Variations]"
Add component (AddParameter): Name = "Manufacturer_Part_Number"; Value = "CL05A105KP5NNNC"; VariantName = "[No Variations]"
Add component (AddParameter): Name = "Mouser Part Number"; Value = "187-CL05A105KP5NNNC"; VariantName = "[No Variations]"
Add component (AddParameter): Name = "Mouser Price/Stock"; Value = "https://www.mouser.co.uk/ProductDetail/Samsung-Electro-Mechanics/CL05A105KP5NNNC?qs=X6jEic%2FHinBsUeNeR9HD7w%3D%3D"; VariantName = "[No Variations]"
Added Component: Designator=C23(CAP_0603)
Add component (AddParameter): Name = "Arrow Part Number"; Value = "CL05A105KP5NNNC"; VariantName = "[No Variations]"
Add component (AddParameter): Name = "Arrow Price/Stock"; Value = "https://www.arrow.com/en/products/cl05a105kp5nnnc/samsung-electro-mechanics?region=nac"; VariantName = "[No Variations]"
Add component (AddParameter): Name = "Datasheet Link"; Value = "https://www.arrow.com/en/products/cl05a105kp5nnnc/samsung-electro-mechanics"; VariantName = "[No Variations]"
Add component (AddParameter): Name = "Geometry.Height"; Value = "0.55mm"; VariantName = "[No Variations]"
Add component (AddParameter): Name = "Manufacturer_Name"; Value = "SAMSUNG"; VariantName = "[No Variations]"
Add component (AddParameter): Name = "Manufacturer_Part_Number"; Value = "CL05A105KP5NNNC"; VariantName = "[No Variations]"
Add component (AddParameter): Name = "Mouser Part Number"; Value = "187-CL05A105KP5NNNC"; VariantName = "[No Variations]"
Add component (AddParameter): Name = "Mouser Price/Stock"; Value = "https://www.mouser.co.uk/ProductDetail/Samsung-Electro-Mechanics/CL05A105KP5NNNC?qs=X6jEic%2FHinBsUeNeR9HD7w%3D%3D"; VariantName = "[No Variations]"
Added Component: Designator=C24(CAP SMD 1206)
Added Component: Designator=C25(CAP SMD 1206)
Added Component: Designator=C26(CAP_0603)
Added Component: Designator=C27(CAP_0603)
Added Component: Designator=C28(CAP_0603)
Added Component: Designator=C29(CAP_0603)
Added Component: Designator=C30(CAP_0603)
Added Component: Designator=C31(CAP_0603)
Added Component: Designator=D1(MCC_SOD-323_IPC_A)
Add component (AddParameter): Name = "Arrow Part Number"; Value = "SMAJ14A"; VariantName = "[No Variations]"
Add component (AddParameter): Name = "Arrow Price/Stock"; Value = "https://www.arrow.com/en/products/smaj14a/littelfuse?region=nac"; VariantName = "[No Variations]"
Add component (AddParameter): Name = "Datasheet Link"; Value = "https://componentsearchengine.com/Datasheets/2/SMAJ14A.pdf"; VariantName = "[No Variations]"
Add component (AddParameter): Name = "Height"; Value = "2.29mm"; VariantName = "[No Variations]"
Add component (AddParameter): Name = "Manufacturer_Name"; Value = "LITTELFUSE"; VariantName = "[No Variations]"
Add component (AddParameter): Name = "Manufacturer_Part_Number"; Value = "SMAJ14A"; VariantName = "[No Variations]"
Add component (AddParameter): Name = "Mouser Part Number"; Value = "576-SMAJ14A"; VariantName = "[No Variations]"
Add component (AddParameter): Name = "Mouser Price/Stock"; Value = "https://www.mouser.co.uk/ProductDetail/Littelfuse/SMAJ14A?qs=HR2RnyOI4E4Xmn1pka9YNw%3D%3D"; VariantName = "[No Variations]"
Added Component: Designator=D2(USBLC6-2SC6)
Add component (AddParameter): Name = "Application"; Value = "USB 2.0 , Data & Power Protection"; VariantName = "[No Variations]"
Add component (AddParameter): Name = "Datasheet"; Value = "https://www.st.com/resource/en/datasheet/usblc6-2.pdf"; VariantName = "[No Variations]"
Add component (AddParameter): Name = "LCSC"; Value = "C7519"; VariantName = "[No Variations]"
Add component (AddParameter): Name = "MFPN"; Value = "USBLC6-2SC6"; VariantName = "[No Variations]"
Add component (AddParameter): Name = "MPN"; Value = "ST Micro Electronics"; VariantName = "[No Variations]"
Add component (AddParameter): Name = "Package"; Value = "SOT-23-6L"; VariantName = "[No Variations]"
Added Component: Designator=D4(LED SMD 0603)
Added Component: Designator=D5(LED SMD 0603)
Added Component: Designator=D6(TVS_SOD-323)
Add component (AddParameter): Name = "Arrow Part Number"; Value = "PESD12VL1BA,115"; VariantName = "[No Variations]"
Add component (AddParameter): Name = "Arrow Price/Stock"; Value = "https://www.arrow.com/en/products/pesd12vl1ba115/nexperia?region=europe"; VariantName = "[No Variations]"
Add component (AddParameter): Name = "Datasheet Link"; Value = "https://assets.nexperia.com/documents/data-sheet/PESDXL1BA_SER.pdf"; VariantName = "[No Variations]"
Add component (AddParameter): Name = "Height"; Value = "1.1mm"; VariantName = "[No Variations]"
Add component (AddParameter): Name = "Manufacturer_Name"; Value = "Nexperia"; VariantName = "[No Variations]"
Add component (AddParameter): Name = "Manufacturer_Part_Number"; Value = "PESD12VL1BA,115"; VariantName = "[No Variations]"
Add component (AddParameter): Name = "Mouser Part Number"; Value = "771-PESD12VL1BA-T/R"; VariantName = "[No Variations]"
Add component (AddParameter): Name = "Mouser Price/Stock"; Value = "https://www.mouser.co.uk/ProductDetail/Nexperia/PESD12VL1BA115?qs=LOCUfHb8d9tizc9iojOZUw%3D%3D"; VariantName = "[No Variations]"
Added Component: Designator=D7(TVS_SOD-323)
Add component (AddParameter): Name = "Arrow Part Number"; Value = "PESD12VL1BA,115"; VariantName = "[No Variations]"
Add component (AddParameter): Name = "Arrow Price/Stock"; Value = "https://www.arrow.com/en/products/pesd12vl1ba115/nexperia?region=europe"; VariantName = "[No Variations]"
Add component (AddParameter): Name = "Datasheet Link"; Value = "https://assets.nexperia.com/documents/data-sheet/PESDXL1BA_SER.pdf"; VariantName = "[No Variations]"
Add component (AddParameter): Name = "Height"; Value = "1.1mm"; VariantName = "[No Variations]"
Add component (AddParameter): Name = "Manufacturer_Name"; Value = "Nexperia"; VariantName = "[No Variations]"
Add component (AddParameter): Name = "Manufacturer_Part_Number"; Value = "PESD12VL1BA,115"; VariantName = "[No Variations]"
Add component (AddParameter): Name = "Mouser Part Number"; Value = "771-PESD12VL1BA-T/R"; VariantName = "[No Variations]"
Add component (AddParameter): Name = "Mouser Price/Stock"; Value = "https://www.mouser.co.uk/ProductDetail/Nexperia/PESD12VL1BA115?qs=LOCUfHb8d9tizc9iojOZUw%3D%3D"; VariantName = "[No Variations]"
Added Component: Designator=D8(LM66100DCKR)
Add component (AddParameter): Name = "Datasheet Link"; Value = "http://www.ti.com/lit/gpn/LM66100"; VariantName = "[No Variations]"
Add component (AddParameter): Name = "Geometry.Height"; Value = "1.1mm"; VariantName = "[No Variations]"
Add component (AddParameter): Name = "LCSC"; Value = "C2869734"; VariantName = "[No Variations]"
Add component (AddParameter): Name = "Manufacturer_Name"; Value = "Texas Instruments"; VariantName = "[No Variations]"
Add component (AddParameter): Name = "Manufacturer_Part_Number"; Value = "LM66100DCKR"; VariantName = "[No Variations]"
Added Component: Designator=D9(LM66100DCKR)
Add component (AddParameter): Name = "Datasheet Link"; Value = "http://www.ti.com/lit/gpn/LM66100"; VariantName = "[No Variations]"
Add component (AddParameter): Name = "Geometry.Height"; Value = "1.1mm"; VariantName = "[No Variations]"
Add component (AddParameter): Name = "LCSC"; Value = "C2869734"; VariantName = "[No Variations]"
Add component (AddParameter): Name = "Manufacturer_Name"; Value = "Texas Instruments"; VariantName = "[No Variations]"
Add component (AddParameter): Name = "Manufacturer_Part_Number"; Value = "LM66100DCKR"; VariantName = "[No Variations]"
Added Component: Designator=F1(Fuse_SMD_1812_1A)
Add component (AddParameter): Name = "Availability"; Value = "In Stock"; VariantName = "[No Variations]"
Add component (AddParameter): Name = "Check_prices"; Value = "https://www.snapeda.com/parts/MF-MSMF050-2/Bourns+-+J.W.+Miller/view-part/?ref=eda"; VariantName = "[No Variations]"
Add component (AddParameter): Name = "MF"; Value = "Bourns"; VariantName = "[No Variations]"
Add component (AddParameter): Name = "MP"; Value = "MF-MSMF050-2"; VariantName = "[No Variations]"
Add component (AddParameter): Name = "Package"; Value = "1812 Bourns"; VariantName = "[No Variations]"
Add component (AddParameter): Name = "Price"; Value = "None"; VariantName = "[No Variations]"
Add component (AddParameter): Name = "Purchase-URL"; Value = "https://pricing.snapeda.com/search/part/MF-MSMF050-2/?ref=eda"; VariantName = "[No Variations]"
Add component (AddParameter): Name = "SnapEDA_Link"; Value = "https://www.snapeda.com/parts/MF-MSMF050-2/Bourns+-+J.W.+Miller/view-part/?ref=snap"; VariantName = "[No Variations]"
Add component (AddParameter): Name = "Value"; Value = ""; VariantName = "[No Variations]"
Added Component: Designator=FB1(FBead_Murata_BLM18KG601SN1D)
Added Component: Designator=FB2(FBead_Murata_BLM18KG601SN1D)
Added Component: Designator=J1(JST_4P_Straight_P=2.5mm)
Add component (AddParameter): Name = "Check_prices"; Value = "https://www.snapeda.com/parts/B4B-XH-A(LF)(SN)/JST+Sales+America+Inc./view-part/?ref=eda"; VariantName = "[No Variations]"
Add component (AddParameter): Name = "MF"; Value = "JST Sales"; VariantName = "[No Variations]"
Add component (AddParameter): Name = "MP"; Value = "B4B-XH-A(LF)(SN)"; VariantName = "[No Variations]"
Add component (AddParameter): Name = "Package"; Value = "None"; VariantName = "[No Variations]"
Add component (AddParameter): Name = "SnapEDA_Link"; Value = "https://www.snapeda.com/parts/B4B-XH-A(LF)(SN)/JST+Sales+America+Inc./view-part/?ref=snap"; VariantName = "[No Variations]"
Add component (AddParameter): Name = "Value"; Value = ""; VariantName = "[No Variations]"
Added Component: Designator=J2(JST_4P_Straight_P=2.5mm)
Add component (AddParameter): Name = "Check_prices"; Value = "https://www.snapeda.com/parts/B4B-XH-A(LF)(SN)/JST+Sales+America+Inc./view-part/?ref=eda"; VariantName = "[No Variations]"
Add component (AddParameter): Name = "MF"; Value = "JST Sales"; VariantName = "[No Variations]"
Add component (AddParameter): Name = "MP"; Value = "B4B-XH-A(LF)(SN)"; VariantName = "[No Variations]"
Add component (AddParameter): Name = "Package"; Value = "None"; VariantName = "[No Variations]"
Add component (AddParameter): Name = "SnapEDA_Link"; Value = "https://www.snapeda.com/parts/B4B-XH-A(LF)(SN)/JST+Sales+America+Inc./view-part/?ref=snap"; VariantName = "[No Variations]"
Add component (AddParameter): Name = "Value"; Value = ""; VariantName = "[No Variations]"
Added Component: Designator=J3(JST_4P_Straight_P=2.5mm)
Add component (AddParameter): Name = "Check_prices"; Value = "https://www.snapeda.com/parts/B4B-XH-A(LF)(SN)/JST+Sales+America+Inc./view-part/?ref=eda"; VariantName = "[No Variations]"
Add component (AddParameter): Name = "MF"; Value = "JST Sales"; VariantName = "[No Variations]"
Add component (AddParameter): Name = "MP"; Value = "B4B-XH-A(LF)(SN)"; VariantName = "[No Variations]"
Add component (AddParameter): Name = "Package"; Value = "None"; VariantName = "[No Variations]"
Add component (AddParameter): Name = "SnapEDA_Link"; Value = "https://www.snapeda.com/parts/B4B-XH-A(LF)(SN)/JST+Sales+America+Inc./view-part/?ref=snap"; VariantName = "[No Variations]"
Add component (AddParameter): Name = "Value"; Value = ""; VariantName = "[No Variations]"
Added Component: Designator=J4(Bat_Con_CR1220)
Add component (AddParameter): Name = "Arrow Part Number"; Value = ""; VariantName = "[No Variations]"
Add component (AddParameter): Name = "Arrow Price/Stock"; Value = ""; VariantName = "[No Variations]"
Add component (AddParameter): Name = "Datasheet Link"; Value = "https://cdn.harwin.com/pdfs/S8411R.pdf"; VariantName = "[No Variations]"
Add component (AddParameter): Name = "LCSC"; Value = "C969906"; VariantName = "[No Variations]"
Add component (AddParameter): Name = "Manufacturer_Name"; Value = "Harwin"; VariantName = "[No Variations]"
Add component (AddParameter): Name = "Manufacturer_Part_Number"; Value = "S8411-45R"; VariantName = "[No Variations]"
Add component (AddParameter): Name = "Mouser Part Number"; Value = "855-S8411-45R"; VariantName = "[No Variations]"
Add component (AddParameter): Name = "Mouser Price/Stock"; Value = "https://www.mouser.co.uk/ProductDetail/Harwin/S8411-45R?qs=Qom7kyPojXY6B0JhnWxDgQ%3D%3D"; VariantName = "[No Variations]"
Added Component: Designator=J5(JST_4P_Straight_P=2.5mm)
Add component (AddParameter): Name = "Check_prices"; Value = "https://www.snapeda.com/parts/B4B-XH-A(LF)(SN)/JST+Sales+America+Inc./view-part/?ref=eda"; VariantName = "[No Variations]"
Add component (AddParameter): Name = "MF"; Value = "JST Sales"; VariantName = "[No Variations]"
Add component (AddParameter): Name = "MP"; Value = "B4B-XH-A(LF)(SN)"; VariantName = "[No Variations]"
Add component (AddParameter): Name = "Package"; Value = "None"; VariantName = "[No Variations]"
Add component (AddParameter): Name = "SnapEDA_Link"; Value = "https://www.snapeda.com/parts/B4B-XH-A(LF)(SN)/JST+Sales+America+Inc./view-part/?ref=snap"; VariantName = "[No Variations]"
Add component (AddParameter): Name = "Value"; Value = ""; VariantName = "[No Variations]"
Added Component: Designator=Q1(UMH3NTN-(Dual Transistor With Base Res-SOT-363))
Add component (AddParameter): Name = "Datasheet"; Value = "https://www.lcsc.com/datasheet/C123008.pdf"; VariantName = "[No Variations]"
Add component (AddParameter): Name = "LCSC"; Value = "C123008"; VariantName = "[No Variations]"
Add component (AddParameter): Name = "MFPN"; Value = "UMH3NTN"; VariantName = "[No Variations]"
Add component (AddParameter): Name = "MPN"; Value = "ROHM"; VariantName = "[No Variations]"
Added Component: Designator=Q(Bipolar _BJT_ Transistor)
Add component (AddParameter): Name = "Availability"; Value = "Unavailable"; VariantName = "[No Variations]"
Add component (AddParameter): Name = "MF"; Value = "ON Semiconductor"; VariantName = "[No Variations]"
Add component (AddParameter): Name = "MP"; Value = "MMBT2222"; VariantName = "[No Variations]"
Add component (AddParameter): Name = "Package"; Value = "SOT-23-3 Fairchild Semiconductor"; VariantName = "[No Variations]"
Add component (AddParameter): Name = "Price"; Value = "None"; VariantName = "[No Variations]"
Add component (AddParameter): Name = "SnapEDA_Link"; Value = "https://www.snapeda.com/parts/MMBT2222/ON%20Semiconductor/view-part/214298/?ref=snap"; VariantName = "[No Variations]"
Add component (AddParameter): Name = "Value"; Value = ""; VariantName = "[No Variations]"
Added Component: Designator=R1(Res_0603)
Add component (AddParameter): Name = "Availability"; Value = "Unavailable"; VariantName = "[No Variations]"
Add component (AddParameter): Name = "MF"; Value = "Yageo"; VariantName = "[No Variations]"
Add component (AddParameter): Name = "MP"; Value = "RC0805FR-07330RL"; VariantName = "[No Variations]"
Add component (AddParameter): Name = "Package"; Value = "2012 Rohm Semiconductor"; VariantName = "[No Variations]"
Add component (AddParameter): Name = "Price"; Value = "None"; VariantName = "[No Variations]"
Add component (AddParameter): Name = "SnapEDA_Link"; Value = "https://www.snapeda.com/parts/RC0805FR-07330RL/Yageo/view-part/106115/?ref=snap"; VariantName = "[No Variations]"
Add component (AddParameter): Name = "Value"; Value = ""; VariantName = "[No Variations]"
Added Component: Designator=R2(Res_0603)
Add component (AddParameter): Name = "Availability"; Value = "Unavailable"; VariantName = "[No Variations]"
Add component (AddParameter): Name = "MF"; Value = "Yageo"; VariantName = "[No Variations]"
Add component (AddParameter): Name = "MP"; Value = "RC0805FR-07330RL"; VariantName = "[No Variations]"
Add component (AddParameter): Name = "Package"; Value = "2012 Rohm Semiconductor"; VariantName = "[No Variations]"
Add component (AddParameter): Name = "Price"; Value = "None"; VariantName = "[No Variations]"
Add component (AddParameter): Name = "SnapEDA_Link"; Value = "https://www.snapeda.com/parts/RC0805FR-07330RL/Yageo/view-part/106115/?ref=snap"; VariantName = "[No Variations]"
Add component (AddParameter): Name = "Value"; Value = ""; VariantName = "[No Variations]"
Added Component: Designator=R3(Res_0603)
Add component (AddParameter): Name = "Availability"; Value = "Unavailable"; VariantName = "[No Variations]"
Add component (AddParameter): Name = "MF"; Value = "Yageo"; VariantName = "[No Variations]"
Add component (AddParameter): Name = "MP"; Value = "RC0805FR-07330RL"; VariantName = "[No Variations]"
Add component (AddParameter): Name = "Package"; Value = "2012 Rohm Semiconductor"; VariantName = "[No Variations]"
Add component (AddParameter): Name = "Price"; Value = "None"; VariantName = "[No Variations]"
Add component (AddParameter): Name = "SnapEDA_Link"; Value = "https://www.snapeda.com/parts/RC0805FR-07330RL/Yageo/view-part/106115/?ref=snap"; VariantName = "[No Variations]"
Add component (AddParameter): Name = "Value"; Value = ""; VariantName = "[No Variations]"
Added Component: Designator=R4(Res_0603)
Add component (AddParameter): Name = "Availability"; Value = "Unavailable"; VariantName = "[No Variations]"
Add component (AddParameter): Name = "MF"; Value = "Yageo"; VariantName = "[No Variations]"
Add component (AddParameter): Name = "MP"; Value = "RC0805FR-07330RL"; VariantName = "[No Variations]"
Add component (AddParameter): Name = "Package"; Value = "2012 Rohm Semiconductor"; VariantName = "[No Variations]"
Add component (AddParameter): Name = "Price"; Value = "None"; VariantName = "[No Variations]"
Add component (AddParameter): Name = "SnapEDA_Link"; Value = "https://www.snapeda.com/parts/RC0805FR-07330RL/Yageo/view-part/106115/?ref=snap"; VariantName = "[No Variations]"
Add component (AddParameter): Name = "Value"; Value = ""; VariantName = "[No Variations]"
Added Component: Designator=R5(Res_0603)
Add component (AddParameter): Name = "Availability"; Value = "Unavailable"; VariantName = "[No Variations]"
Add component (AddParameter): Name = "MF"; Value = "Yageo"; VariantName = "[No Variations]"
Add component (AddParameter): Name = "MP"; Value = "RC0805FR-07330RL"; VariantName = "[No Variations]"
Add component (AddParameter): Name = "Package"; Value = "2012 Rohm Semiconductor"; VariantName = "[No Variations]"
Add component (AddParameter): Name = "Price"; Value = "None"; VariantName = "[No Variations]"
Add component (AddParameter): Name = "SnapEDA_Link"; Value = "https://www.snapeda.com/parts/RC0805FR-07330RL/Yageo/view-part/106115/?ref=snap"; VariantName = "[No Variations]"
Add component (AddParameter): Name = "Value"; Value = ""; VariantName = "[No Variations]"
Added Component: Designator=R6(Res_0603)
Add component (AddParameter): Name = "Availability"; Value = "Unavailable"; VariantName = "[No Variations]"
Add component (AddParameter): Name = "MF"; Value = "Yageo"; VariantName = "[No Variations]"
Add component (AddParameter): Name = "MP"; Value = "RC0805FR-07330RL"; VariantName = "[No Variations]"
Add component (AddParameter): Name = "Package"; Value = "2012 Rohm Semiconductor"; VariantName = "[No Variations]"
Add component (AddParameter): Name = "Price"; Value = "None"; VariantName = "[No Variations]"
Add component (AddParameter): Name = "SnapEDA_Link"; Value = "https://www.snapeda.com/parts/RC0805FR-07330RL/Yageo/view-part/106115/?ref=snap"; VariantName = "[No Variations]"
Add component (AddParameter): Name = "Value"; Value = ""; VariantName = "[No Variations]"
Added Component: Designator=R7(Res_0603)
Add component (AddParameter): Name = "Availability"; Value = "Unavailable"; VariantName = "[No Variations]"
Add component (AddParameter): Name = "MF"; Value = "Yageo"; VariantName = "[No Variations]"
Add component (AddParameter): Name = "MP"; Value = "RC0805FR-07330RL"; VariantName = "[No Variations]"
Add component (AddParameter): Name = "Package"; Value = "2012 Rohm Semiconductor"; VariantName = "[No Variations]"
Add component (AddParameter): Name = "Price"; Value = "None"; VariantName = "[No Variations]"
Add component (AddParameter): Name = "SnapEDA_Link"; Value = "https://www.snapeda.com/parts/RC0805FR-07330RL/Yageo/view-part/106115/?ref=snap"; VariantName = "[No Variations]"
Add component (AddParameter): Name = "Value"; Value = ""; VariantName = "[No Variations]"
Added Component: Designator=R8(Res_0603)
Add component (AddParameter): Name = "Availability"; Value = "Unavailable"; VariantName = "[No Variations]"
Add component (AddParameter): Name = "MF"; Value = "Yageo"; VariantName = "[No Variations]"
Add component (AddParameter): Name = "MP"; Value = "RC0805FR-07330RL"; VariantName = "[No Variations]"
Add component (AddParameter): Name = "Package"; Value = "2012 Rohm Semiconductor"; VariantName = "[No Variations]"
Add component (AddParameter): Name = "Price"; Value = "None"; VariantName = "[No Variations]"
Add component (AddParameter): Name = "SnapEDA_Link"; Value = "https://www.snapeda.com/parts/RC0805FR-07330RL/Yageo/view-part/106115/?ref=snap"; VariantName = "[No Variations]"
Add component (AddParameter): Name = "Value"; Value = ""; VariantName = "[No Variations]"
Added Component: Designator=R9(Res_0603)
Add component (AddParameter): Name = "Availability"; Value = "Unavailable"; VariantName = "[No Variations]"
Add component (AddParameter): Name = "MF"; Value = "Yageo"; VariantName = "[No Variations]"
Add component (AddParameter): Name = "MP"; Value = "RC0805FR-07330RL"; VariantName = "[No Variations]"
Add component (AddParameter): Name = "Package"; Value = "2012 Rohm Semiconductor"; VariantName = "[No Variations]"
Add component (AddParameter): Name = "Price"; Value = "None"; VariantName = "[No Variations]"
Add component (AddParameter): Name = "SnapEDA_Link"; Value = "https://www.snapeda.com/parts/RC0805FR-07330RL/Yageo/view-part/106115/?ref=snap"; VariantName = "[No Variations]"
Add component (AddParameter): Name = "Value"; Value = ""; VariantName = "[No Variations]"
Added Component: Designator=R10(Res_0603)
Add component (AddParameter): Name = "Availability"; Value = "Unavailable"; VariantName = "[No Variations]"
Add component (AddParameter): Name = "MF"; Value = "Yageo"; VariantName = "[No Variations]"
Add component (AddParameter): Name = "MP"; Value = "RC0805FR-07330RL"; VariantName = "[No Variations]"
Add component (AddParameter): Name = "Package"; Value = "2012 Rohm Semiconductor"; VariantName = "[No Variations]"
Add component (AddParameter): Name = "Price"; Value = "None"; VariantName = "[No Variations]"
Add component (AddParameter): Name = "SnapEDA_Link"; Value = "https://www.snapeda.com/parts/RC0805FR-07330RL/Yageo/view-part/106115/?ref=snap"; VariantName = "[No Variations]"
Add component (AddParameter): Name = "Value"; Value = ""; VariantName = "[No Variations]"
Added Component: Designator=R11(Res_0603)
Add component (AddParameter): Name = "Availability"; Value = "Unavailable"; VariantName = "[No Variations]"
Add component (AddParameter): Name = "MF"; Value = "Yageo"; VariantName = "[No Variations]"
Add component (AddParameter): Name = "MP"; Value = "RC0805FR-07330RL"; VariantName = "[No Variations]"
Add component (AddParameter): Name = "Package"; Value = "2012 Rohm Semiconductor"; VariantName = "[No Variations]"
Add component (AddParameter): Name = "Price"; Value = "None"; VariantName = "[No Variations]"
Add component (AddParameter): Name = "SnapEDA_Link"; Value = "https://www.snapeda.com/parts/RC0805FR-07330RL/Yageo/view-part/106115/?ref=snap"; VariantName = "[No Variations]"
Add component (AddParameter): Name = "Value"; Value = ""; VariantName = "[No Variations]"
Added Component: Designator=R12(Res_0603)
Add component (AddParameter): Name = "Availability"; Value = "Unavailable"; VariantName = "[No Variations]"
Add component (AddParameter): Name = "MF"; Value = "Yageo"; VariantName = "[No Variations]"
Add component (AddParameter): Name = "MP"; Value = "RC0805FR-07330RL"; VariantName = "[No Variations]"
Add component (AddParameter): Name = "Package"; Value = "2012 Rohm Semiconductor"; VariantName = "[No Variations]"
Add component (AddParameter): Name = "Price"; Value = "None"; VariantName = "[No Variations]"
Add component (AddParameter): Name = "SnapEDA_Link"; Value = "https://www.snapeda.com/parts/RC0805FR-07330RL/Yageo/view-part/106115/?ref=snap"; VariantName = "[No Variations]"
Add component (AddParameter): Name = "Value"; Value = ""; VariantName = "[No Variations]"
Added Component: Designator=R13(Res_0603)
Add component (AddParameter): Name = "Availability"; Value = "Unavailable"; VariantName = "[No Variations]"
Add component (AddParameter): Name = "MF"; Value = "Yageo"; VariantName = "[No Variations]"
Add component (AddParameter): Name = "MP"; Value = "RC0805FR-07330RL"; VariantName = "[No Variations]"
Add component (AddParameter): Name = "Package"; Value = "2012 Rohm Semiconductor"; VariantName = "[No Variations]"
Add component (AddParameter): Name = "Price"; Value = "None"; VariantName = "[No Variations]"
Add component (AddParameter): Name = "SnapEDA_Link"; Value = "https://www.snapeda.com/parts/RC0805FR-07330RL/Yageo/view-part/106115/?ref=snap"; VariantName = "[No Variations]"
Add component (AddParameter): Name = "Value"; Value = ""; VariantName = "[No Variations]"
Added Component: Designator=R14(Res_0603)
Add component (AddParameter): Name = "Availability"; Value = "Unavailable"; VariantName = "[No Variations]"
Add component (AddParameter): Name = "MF"; Value = "Yageo"; VariantName = "[No Variations]"
Add component (AddParameter): Name = "MP"; Value = "RC0805FR-07330RL"; VariantName = "[No Variations]"
Add component (AddParameter): Name = "Package"; Value = "2012 Rohm Semiconductor"; VariantName = "[No Variations]"
Add component (AddParameter): Name = "Price"; Value = "None"; VariantName = "[No Variations]"
Add component (AddParameter): Name = "SnapEDA_Link"; Value = "https://www.snapeda.com/parts/RC0805FR-07330RL/Yageo/view-part/106115/?ref=snap"; VariantName = "[No Variations]"
Add component (AddParameter): Name = "Value"; Value = ""; VariantName = "[No Variations]"
Added Component: Designator=R15(Res_0603)
Add component (AddParameter): Name = "Availability"; Value = "Unavailable"; VariantName = "[No Variations]"
Add component (AddParameter): Name = "MF"; Value = "Yageo"; VariantName = "[No Variations]"
Add component (AddParameter): Name = "MP"; Value = "RC0805FR-07330RL"; VariantName = "[No Variations]"
Add component (AddParameter): Name = "Package"; Value = "2012 Rohm Semiconductor"; VariantName = "[No Variations]"
Add component (AddParameter): Name = "Price"; Value = "None"; VariantName = "[No Variations]"
Add component (AddParameter): Name = "SnapEDA_Link"; Value = "https://www.snapeda.com/parts/RC0805FR-07330RL/Yageo/view-part/106115/?ref=snap"; VariantName = "[No Variations]"
Add component (AddParameter): Name = "Value"; Value = ""; VariantName = "[No Variations]"
Added Component: Designator=R16(Res_0603)
Add component (AddParameter): Name = "Availability"; Value = "Unavailable"; VariantName = "[No Variations]"
Add component (AddParameter): Name = "MF"; Value = "Yageo"; VariantName = "[No Variations]"
Add component (AddParameter): Name = "MP"; Value = "RC0805FR-07330RL"; VariantName = "[No Variations]"
Add component (AddParameter): Name = "Package"; Value = "2012 Rohm Semiconductor"; VariantName = "[No Variations]"
Add component (AddParameter): Name = "Price"; Value = "None"; VariantName = "[No Variations]"
Add component (AddParameter): Name = "SnapEDA_Link"; Value = "https://www.snapeda.com/parts/RC0805FR-07330RL/Yageo/view-part/106115/?ref=snap"; VariantName = "[No Variations]"
Add component (AddParameter): Name = "Value"; Value = ""; VariantName = "[No Variations]"
Added Component: Designator=R17(Res_0603)
Add component (AddParameter): Name = "Availability"; Value = "Unavailable"; VariantName = "[No Variations]"
Add component (AddParameter): Name = "MF"; Value = "Yageo"; VariantName = "[No Variations]"
Add component (AddParameter): Name = "MP"; Value = "RC0805FR-07330RL"; VariantName = "[No Variations]"
Add component (AddParameter): Name = "Package"; Value = "2012 Rohm Semiconductor"; VariantName = "[No Variations]"
Add component (AddParameter): Name = "Price"; Value = "None"; VariantName = "[No Variations]"
Add component (AddParameter): Name = "SnapEDA_Link"; Value = "https://www.snapeda.com/parts/RC0805FR-07330RL/Yageo/view-part/106115/?ref=snap"; VariantName = "[No Variations]"
Add component (AddParameter): Name = "Value"; Value = ""; VariantName = "[No Variations]"
Added Component: Designator=R18(Res_0603)
Add component (AddParameter): Name = "Availability"; Value = "Unavailable"; VariantName = "[No Variations]"
Add component (AddParameter): Name = "MF"; Value = "Yageo"; VariantName = "[No Variations]"
Add component (AddParameter): Name = "MP"; Value = "RC0805FR-07330RL"; VariantName = "[No Variations]"
Add component (AddParameter): Name = "Package"; Value = "2012 Rohm Semiconductor"; VariantName = "[No Variations]"
Add component (AddParameter): Name = "Price"; Value = "None"; VariantName = "[No Variations]"
Add component (AddParameter): Name = "SnapEDA_Link"; Value = "https://www.snapeda.com/parts/RC0805FR-07330RL/Yageo/view-part/106115/?ref=snap"; VariantName = "[No Variations]"
Add component (AddParameter): Name = "Value"; Value = ""; VariantName = "[No Variations]"
Added Component: Designator=R19(Res_0603)
Add component (AddParameter): Name = "Availability"; Value = "Unavailable"; VariantName = "[No Variations]"
Add component (AddParameter): Name = "MF"; Value = "Yageo"; VariantName = "[No Variations]"
Add component (AddParameter): Name = "MP"; Value = "RC0805FR-07330RL"; VariantName = "[No Variations]"
Add component (AddParameter): Name = "Package"; Value = "2012 Rohm Semiconductor"; VariantName = "[No Variations]"
Add component (AddParameter): Name = "Price"; Value = "None"; VariantName = "[No Variations]"
Add component (AddParameter): Name = "SnapEDA_Link"; Value = "https://www.snapeda.com/parts/RC0805FR-07330RL/Yageo/view-part/106115/?ref=snap"; VariantName = "[No Variations]"
Add component (AddParameter): Name = "Value"; Value = ""; VariantName = "[No Variations]"
Added Component: Designator=R20(Res_0603)
Add component (AddParameter): Name = "Availability"; Value = "Unavailable"; VariantName = "[No Variations]"
Add component (AddParameter): Name = "MF"; Value = "Yageo"; VariantName = "[No Variations]"
Add component (AddParameter): Name = "MP"; Value = "RC0805FR-07330RL"; VariantName = "[No Variations]"
Add component (AddParameter): Name = "Package"; Value = "2012 Rohm Semiconductor"; VariantName = "[No Variations]"
Add component (AddParameter): Name = "Price"; Value = "None"; VariantName = "[No Variations]"
Add component (AddParameter): Name = "SnapEDA_Link"; Value = "https://www.snapeda.com/parts/RC0805FR-07330RL/Yageo/view-part/106115/?ref=snap"; VariantName = "[No Variations]"
Add component (AddParameter): Name = "Value"; Value = ""; VariantName = "[No Variations]"
Added Component: Designator=R21(Res_0603)
Add component (AddParameter): Name = "Availability"; Value = "Unavailable"; VariantName = "[No Variations]"
Add component (AddParameter): Name = "MF"; Value = "Yageo"; VariantName = "[No Variations]"
Add component (AddParameter): Name = "MP"; Value = "RC0805FR-07330RL"; VariantName = "[No Variations]"
Add component (AddParameter): Name = "Package"; Value = "2012 Rohm Semiconductor"; VariantName = "[No Variations]"
Add component (AddParameter): Name = "Price"; Value = "None"; VariantName = "[No Variations]"
Add component (AddParameter): Name = "SnapEDA_Link"; Value = "https://www.snapeda.com/parts/RC0805FR-07330RL/Yageo/view-part/106115/?ref=snap"; VariantName = "[No Variations]"
Add component (AddParameter): Name = "Value"; Value = ""; VariantName = "[No Variations]"
Added Component: Designator=R22(Res_0603)
Add component (AddParameter): Name = "Availability"; Value = "Unavailable"; VariantName = "[No Variations]"
Add component (AddParameter): Name = "MF"; Value = "Yageo"; VariantName = "[No Variations]"
Add component (AddParameter): Name = "MP"; Value = "RC0805FR-07330RL"; VariantName = "[No Variations]"
Add component (AddParameter): Name = "Package"; Value = "2012 Rohm Semiconductor"; VariantName = "[No Variations]"
Add component (AddParameter): Name = "Price"; Value = "None"; VariantName = "[No Variations]"
Add component (AddParameter): Name = "SnapEDA_Link"; Value = "https://www.snapeda.com/parts/RC0805FR-07330RL/Yageo/view-part/106115/?ref=snap"; VariantName = "[No Variations]"
Add component (AddParameter): Name = "Value"; Value = ""; VariantName = "[No Variations]"
Added Component: Designator=R23(Res_0603)
Add component (AddParameter): Name = "Availability"; Value = "Unavailable"; VariantName = "[No Variations]"
Add component (AddParameter): Name = "MF"; Value = "Yageo"; VariantName = "[No Variations]"
Add component (AddParameter): Name = "MP"; Value = "RC0805FR-07330RL"; VariantName = "[No Variations]"
Add component (AddParameter): Name = "Package"; Value = "2012 Rohm Semiconductor"; VariantName = "[No Variations]"
Add component (AddParameter): Name = "Price"; Value = "None"; VariantName = "[No Variations]"
Add component (AddParameter): Name = "SnapEDA_Link"; Value = "https://www.snapeda.com/parts/RC0805FR-07330RL/Yageo/view-part/106115/?ref=snap"; VariantName = "[No Variations]"
Add component (AddParameter): Name = "Value"; Value = ""; VariantName = "[No Variations]"
Added Component: Designator=R24(Res_0603)
Add component (AddParameter): Name = "Availability"; Value = "Unavailable"; VariantName = "[No Variations]"
Add component (AddParameter): Name = "MF"; Value = "Yageo"; VariantName = "[No Variations]"
Add component (AddParameter): Name = "MP"; Value = "RC0805FR-07330RL"; VariantName = "[No Variations]"
Add component (AddParameter): Name = "Package"; Value = "2012 Rohm Semiconductor"; VariantName = "[No Variations]"
Add component (AddParameter): Name = "Price"; Value = "None"; VariantName = "[No Variations]"
Add component (AddParameter): Name = "SnapEDA_Link"; Value = "https://www.snapeda.com/parts/RC0805FR-07330RL/Yageo/view-part/106115/?ref=snap"; VariantName = "[No Variations]"
Add component (AddParameter): Name = "Value"; Value = ""; VariantName = "[No Variations]"
Added Component: Designator=R25(Res_0603)
Add component (AddParameter): Name = "Availability"; Value = "Unavailable"; VariantName = "[No Variations]"
Add component (AddParameter): Name = "MF"; Value = "Yageo"; VariantName = "[No Variations]"
Add component (AddParameter): Name = "MP"; Value = "RC0805FR-07330RL"; VariantName = "[No Variations]"
Add component (AddParameter): Name = "Package"; Value = "2012 Rohm Semiconductor"; VariantName = "[No Variations]"
Add component (AddParameter): Name = "Price"; Value = "None"; VariantName = "[No Variations]"
Add component (AddParameter): Name = "SnapEDA_Link"; Value = "https://www.snapeda.com/parts/RC0805FR-07330RL/Yageo/view-part/106115/?ref=snap"; VariantName = "[No Variations]"
Add component (AddParameter): Name = "Value"; Value = ""; VariantName = "[No Variations]"
Added Component: Designator=R26(Res_0603)
Add component (AddParameter): Name = "Availability"; Value = "Unavailable"; VariantName = "[No Variations]"
Add component (AddParameter): Name = "MF"; Value = "Yageo"; VariantName = "[No Variations]"
Add component (AddParameter): Name = "MP"; Value = "RC0805FR-07330RL"; VariantName = "[No Variations]"
Add component (AddParameter): Name = "Package"; Value = "2012 Rohm Semiconductor"; VariantName = "[No Variations]"
Add component (AddParameter): Name = "Price"; Value = "None"; VariantName = "[No Variations]"
Add component (AddParameter): Name = "SnapEDA_Link"; Value = "https://www.snapeda.com/parts/RC0805FR-07330RL/Yageo/view-part/106115/?ref=snap"; VariantName = "[No Variations]"
Add component (AddParameter): Name = "Value"; Value = ""; VariantName = "[No Variations]"
Added Component: Designator=R27(RES_2512)
Add component (AddParameter): Name = "Availability"; Value = "Unavailable"; VariantName = "[No Variations]"
Add component (AddParameter): Name = "MF"; Value = "Yageo"; VariantName = "[No Variations]"
Add component (AddParameter): Name = "MP"; Value = "RC0805FR-07330RL"; VariantName = "[No Variations]"
Add component (AddParameter): Name = "Package"; Value = "2012 Rohm Semiconductor"; VariantName = "[No Variations]"
Add component (AddParameter): Name = "Price"; Value = "None"; VariantName = "[No Variations]"
Add component (AddParameter): Name = "SnapEDA_Link"; Value = "https://www.snapeda.com/parts/RC0805FR-07330RL/Yageo/view-part/106115/?ref=snap"; VariantName = "[No Variations]"
Add component (AddParameter): Name = "Value"; Value = ""; VariantName = "[No Variations]"
Added Component: Designator=R28(Res_0603)
Add component (AddParameter): Name = "Availability"; Value = "Unavailable"; VariantName = "[No Variations]"
Add component (AddParameter): Name = "MF"; Value = "Yageo"; VariantName = "[No Variations]"
Add component (AddParameter): Name = "MP"; Value = "RC0805FR-07330RL"; VariantName = "[No Variations]"
Add component (AddParameter): Name = "Package"; Value = "2012 Rohm Semiconductor"; VariantName = "[No Variations]"
Add component (AddParameter): Name = "Price"; Value = "None"; VariantName = "[No Variations]"
Add component (AddParameter): Name = "SnapEDA_Link"; Value = "https://www.snapeda.com/parts/RC0805FR-07330RL/Yageo/view-part/106115/?ref=snap"; VariantName = "[No Variations]"
Add component (AddParameter): Name = "Value"; Value = ""; VariantName = "[No Variations]"
Added Component: Designator=R29(Res_0603)
Add component (AddParameter): Name = "Availability"; Value = "Unavailable"; VariantName = "[No Variations]"
Add component (AddParameter): Name = "MF"; Value = "Yageo"; VariantName = "[No Variations]"
Add component (AddParameter): Name = "MP"; Value = "RC0805FR-07330RL"; VariantName = "[No Variations]"
Add component (AddParameter): Name = "Package"; Value = "2012 Rohm Semiconductor"; VariantName = "[No Variations]"
Add component (AddParameter): Name = "Price"; Value = "None"; VariantName = "[No Variations]"
Add component (AddParameter): Name = "SnapEDA_Link"; Value = "https://www.snapeda.com/parts/RC0805FR-07330RL/Yageo/view-part/106115/?ref=snap"; VariantName = "[No Variations]"
Add component (AddParameter): Name = "Value"; Value = ""; VariantName = "[No Variations]"
Added Component: Designator=R30(Res_0603)
Add component (AddParameter): Name = "Availability"; Value = "Unavailable"; VariantName = "[No Variations]"
Add component (AddParameter): Name = "MF"; Value = "Yageo"; VariantName = "[No Variations]"
Add component (AddParameter): Name = "MP"; Value = "RC0805FR-07330RL"; VariantName = "[No Variations]"
Add component (AddParameter): Name = "Package"; Value = "2012 Rohm Semiconductor"; VariantName = "[No Variations]"
Add component (AddParameter): Name = "Price"; Value = "None"; VariantName = "[No Variations]"
Add component (AddParameter): Name = "SnapEDA_Link"; Value = "https://www.snapeda.com/parts/RC0805FR-07330RL/Yageo/view-part/106115/?ref=snap"; VariantName = "[No Variations]"
Add component (AddParameter): Name = "Value"; Value = ""; VariantName = "[No Variations]"
Added Component: Designator=R31(Res_0603)
Add component (AddParameter): Name = "Availability"; Value = "Unavailable"; VariantName = "[No Variations]"
Add component (AddParameter): Name = "MF"; Value = "Yageo"; VariantName = "[No Variations]"
Add component (AddParameter): Name = "MP"; Value = "RC0805FR-07330RL"; VariantName = "[No Variations]"
Add component (AddParameter): Name = "Package"; Value = "2012 Rohm Semiconductor"; VariantName = "[No Variations]"
Add component (AddParameter): Name = "Price"; Value = "None"; VariantName = "[No Variations]"
Add component (AddParameter): Name = "SnapEDA_Link"; Value = "https://www.snapeda.com/parts/RC0805FR-07330RL/Yageo/view-part/106115/?ref=snap"; VariantName = "[No Variations]"
Add component (AddParameter): Name = "Value"; Value = ""; VariantName = "[No Variations]"
Added Component: Designator=R32(Res_0603)
Add component (AddParameter): Name = "Availability"; Value = "Unavailable"; VariantName = "[No Variations]"
Add component (AddParameter): Name = "MF"; Value = "Yageo"; VariantName = "[No Variations]"
Add component (AddParameter): Name = "MP"; Value = "RC0805FR-07330RL"; VariantName = "[No Variations]"
Add component (AddParameter): Name = "Package"; Value = "2012 Rohm Semiconductor"; VariantName = "[No Variations]"
Add component (AddParameter): Name = "Price"; Value = "None"; VariantName = "[No Variations]"
Add component (AddParameter): Name = "SnapEDA_Link"; Value = "https://www.snapeda.com/parts/RC0805FR-07330RL/Yageo/view-part/106115/?ref=snap"; VariantName = "[No Variations]"
Add component (AddParameter): Name = "Value"; Value = ""; VariantName = "[No Variations]"
Added Component: Designator=R33(Res_0603)
Add component (AddParameter): Name = "Availability"; Value = "Unavailable"; VariantName = "[No Variations]"
Add component (AddParameter): Name = "MF"; Value = "Yageo"; VariantName = "[No Variations]"
Add component (AddParameter): Name = "MP"; Value = "RC0805FR-07330RL"; VariantName = "[No Variations]"
Add component (AddParameter): Name = "Package"; Value = "2012 Rohm Semiconductor"; VariantName = "[No Variations]"
Add component (AddParameter): Name = "Price"; Value = "None"; VariantName = "[No Variations]"
Add component (AddParameter): Name = "SnapEDA_Link"; Value = "https://www.snapeda.com/parts/RC0805FR-07330RL/Yageo/view-part/106115/?ref=snap"; VariantName = "[No Variations]"
Add component (AddParameter): Name = "Value"; Value = ""; VariantName = "[No Variations]"
Added Component: Designator=R34(Res_0603)
Add component (AddParameter): Name = "Availability"; Value = "Unavailable"; VariantName = "[No Variations]"
Add component (AddParameter): Name = "MF"; Value = "Yageo"; VariantName = "[No Variations]"
Add component (AddParameter): Name = "MP"; Value = "RC0805FR-07330RL"; VariantName = "[No Variations]"
Add component (AddParameter): Name = "Package"; Value = "2012 Rohm Semiconductor"; VariantName = "[No Variations]"
Add component (AddParameter): Name = "Price"; Value = "None"; VariantName = "[No Variations]"
Add component (AddParameter): Name = "SnapEDA_Link"; Value = "https://www.snapeda.com/parts/RC0805FR-07330RL/Yageo/view-part/106115/?ref=snap"; VariantName = "[No Variations]"
Add component (AddParameter): Name = "Value"; Value = ""; VariantName = "[No Variations]"
Added Component: Designator=R35(Res_0603)
Add component (AddParameter): Name = "Availability"; Value = "Unavailable"; VariantName = "[No Variations]"
Add component (AddParameter): Name = "MF"; Value = "Yageo"; VariantName = "[No Variations]"
Add component (AddParameter): Name = "MP"; Value = "RC0805FR-07330RL"; VariantName = "[No Variations]"
Add component (AddParameter): Name = "Package"; Value = "2012 Rohm Semiconductor"; VariantName = "[No Variations]"
Add component (AddParameter): Name = "Price"; Value = "None"; VariantName = "[No Variations]"
Add component (AddParameter): Name = "SnapEDA_Link"; Value = "https://www.snapeda.com/parts/RC0805FR-07330RL/Yageo/view-part/106115/?ref=snap"; VariantName = "[No Variations]"
Add component (AddParameter): Name = "Value"; Value = ""; VariantName = "[No Variations]"
Added Component: Designator=R36(Res_0603)
Add component (AddParameter): Name = "Availability"; Value = "Unavailable"; VariantName = "[No Variations]"
Add component (AddParameter): Name = "MF"; Value = "Yageo"; VariantName = "[No Variations]"
Add component (AddParameter): Name = "MP"; Value = "RC0805FR-07330RL"; VariantName = "[No Variations]"
Add component (AddParameter): Name = "Package"; Value = "2012 Rohm Semiconductor"; VariantName = "[No Variations]"
Add component (AddParameter): Name = "Price"; Value = "None"; VariantName = "[No Variations]"
Add component (AddParameter): Name = "SnapEDA_Link"; Value = "https://www.snapeda.com/parts/RC0805FR-07330RL/Yageo/view-part/106115/?ref=snap"; VariantName = "[No Variations]"
Add component (AddParameter): Name = "Value"; Value = ""; VariantName = "[No Variations]"
Added Component: Designator=R37(Res_0603)
Add component (AddParameter): Name = "Availability"; Value = "Unavailable"; VariantName = "[No Variations]"
Add component (AddParameter): Name = "MF"; Value = "Yageo"; VariantName = "[No Variations]"
Add component (AddParameter): Name = "MP"; Value = "RC0805FR-07330RL"; VariantName = "[No Variations]"
Add component (AddParameter): Name = "Package"; Value = "2012 Rohm Semiconductor"; VariantName = "[No Variations]"
Add component (AddParameter): Name = "Price"; Value = "None"; VariantName = "[No Variations]"
Add component (AddParameter): Name = "SnapEDA_Link"; Value = "https://www.snapeda.com/parts/RC0805FR-07330RL/Yageo/view-part/106115/?ref=snap"; VariantName = "[No Variations]"
Add component (AddParameter): Name = "Value"; Value = ""; VariantName = "[No Variations]"
Added Component: Designator=SW1(SPST_SMD_6mm)
Add component (AddParameter): Name = "Mfr_Name"; Value = "XKB Connectivity"; VariantName = "[No Variations]"
Add component (AddParameter): Name = "RefDes"; Value = ""; VariantName = "[No Variations]"
Add component (AddParameter): Name = "Type"; Value = ""; VariantName = "[No Variations]"
Added Component: Designator=SW2(SPST_SMD_6mm)
Add component (AddParameter): Name = "Mfr_Name"; Value = "XKB Connectivity"; VariantName = "[No Variations]"
Add component (AddParameter): Name = "RefDes"; Value = ""; VariantName = "[No Variations]"
Add component (AddParameter): Name = "Type"; Value = ""; VariantName = "[No Variations]"
Added Component: Designator=SW3(SPST_SMD_6mm)
Add component (AddParameter): Name = "Mfr_Name"; Value = "XKB Connectivity"; VariantName = "[No Variations]"
Add component (AddParameter): Name = "RefDes"; Value = ""; VariantName = "[No Variations]"
Add component (AddParameter): Name = "Type"; Value = ""; VariantName = "[No Variations]"
Added Component: Designator=TP1(Test_Point)
Added Component: Designator=TP2(Test_Point)
Added Component: Designator=TP3(Test_Point)
Added Component: Designator=TP4(Test_Point)
Added Component: Designator=U1(CH343K)
Add component (AddParameter): Name = "Check_prices"; Value = "https://www.lcsc.com/product-detail/C5832295.html?s_z=n_CH343"; VariantName = "[No Variations]"
Add component (AddParameter): Name = "Datasheet"; Value = "https://www.lcsc.com/datasheet/C5832295.pdf"; VariantName = "[No Variations]"
Add component (AddParameter): Name = "LCSC"; Value = "C5832295"; VariantName = "[No Variations]"
Add component (AddParameter): Name = "MF"; Value = "WCH"; VariantName = "[No Variations]"
Add component (AddParameter): Name = "MP"; Value = "CH343K"; VariantName = "[No Variations]"
Add component (AddParameter): Name = "Package"; Value = "ESSOP-10"; VariantName = "[No Variations]"
Added Component: Designator=U2(SOT-23)
Add component (AddParameter): Name = "LCSC"; Value = "C48179"; VariantName = "[No Variations]"
Add component (AddParameter): Name = "Mfr_Name"; Value = "Vishay"; VariantName = "[No Variations]"
Add component (AddParameter): Name = "RefDes"; Value = ""; VariantName = "[No Variations]"
Add component (AddParameter): Name = "Type"; Value = "P-MOSFET"; VariantName = "[No Variations]"
Added Component: Designator=U3(SOT-23)
Add component (AddParameter): Name = "LCSC"; Value = "C10488"; VariantName = "[No Variations]"
Add component (AddParameter): Name = "Mfr_Name"; Value = "Vishay"; VariantName = "[No Variations]"
Add component (AddParameter): Name = "RefDes"; Value = ""; VariantName = "[No Variations]"
Add component (AddParameter): Name = "Type"; Value = "N-MOSFET"; VariantName = "[No Variations]"
Added Component: Designator=U4(IC_RV-3028-C7)
Add component (AddParameter): Name = "LCSC"; Value = "C3304278"; VariantName = "[No Variations]"
Add component (AddParameter): Name = "MF"; Value = "Micro Crystal"; VariantName = "[No Variations]"
Add component (AddParameter): Name = "MFPN"; Value = "RV-3028-C7 32.768KHZ 1PPM-TA-QA"; VariantName = "[No Variations]"
Add component (AddParameter): Name = "Package"; Value = "SMD3215-8P"; VariantName = "[No Variations]"
Add component (AddParameter): Name = "SnapEDA_Link"; Value = "https://www.snapeda.com/parts/RV-3028-C7%2032.768KHZ%201PPM-TA-QA/Micro+Crystal/view-part/?ref=snap"; VariantName = "[No Variations]"
Added Component: Designator=U5(TP4056-SOP-8-EP)
Add component (AddParameter): Name = "Datasheet"; Value = "https://dlnmh9ip6v2uc.cloudfront.net/datasheets/Prototyping/TP4056.pdf"; VariantName = "[No Variations]"
Add component (AddParameter): Name = "LCSC"; Value = "C7473158"; VariantName = "[No Variations]"
Add component (AddParameter): Name = "MFPN"; Value = "TP4056"; VariantName = "[No Variations]"
Added Component: Designator=U6(SOT-23)
Add component (AddParameter): Name = "LCSC"; Value = "C48179"; VariantName = "[No Variations]"
Add component (AddParameter): Name = "Mfr_Name"; Value = "Vishay"; VariantName = "[No Variations]"
Add component (AddParameter): Name = "RefDes"; Value = ""; VariantName = "[No Variations]"
Add component (AddParameter): Name = "Type"; Value = "P-MOSFET"; VariantName = "[No Variations]"
Added Component: Designator=U7(SOT-23)
Add component (AddParameter): Name = "LCSC"; Value = "C10488"; VariantName = "[No Variations]"
Add component (AddParameter): Name = "Mfr_Name"; Value = "Vishay"; VariantName = "[No Variations]"
Add component (AddParameter): Name = "RefDes"; Value = ""; VariantName = "[No Variations]"
Add component (AddParameter): Name = "Type"; Value = "N-MOSFET"; VariantName = "[No Variations]"
Added Pin To Net: NetName=3V3_ESP Pin=B1-3
Added Pin To Net: NetName=3V3_ESP Pin=C1-2
Added Pin To Net: NetName=3V3_ESP Pin=C2-2
Added Pin To Net: NetName=3V3_ESP Pin=C3-2
Added Pin To Net: NetName=3V3_ESP Pin=FB1-1
Added Net: Name=3V3_ESP
Added Pin To Net: NetName=3V3D Pin=B3-8
Added Pin To Net: NetName=3V3D Pin=B7-2
Added Pin To Net: NetName=3V3D Pin=C9-2
Added Pin To Net: NetName=3V3D Pin=C15-2
Added Pin To Net: NetName=3V3D Pin=C16-2
Added Pin To Net: NetName=3V3D Pin=C17-2
Added Pin To Net: NetName=3V3D Pin=C29-2
Added Pin To Net: NetName=3V3D Pin=C30-2
Added Pin To Net: NetName=3V3D Pin=FB1-2
Added Pin To Net: NetName=3V3D Pin=FB2-2
Added Pin To Net: NetName=3V3D Pin=J3-4
Added Pin To Net: NetName=3V3D Pin=R1-2
Added Pin To Net: NetName=3V3D Pin=R2-2
Added Pin To Net: NetName=3V3D Pin=R6-2
Added Pin To Net: NetName=3V3D Pin=R7-2
Added Pin To Net: NetName=3V3D Pin=R15-2
Added Pin To Net: NetName=3V3D Pin=R16-2
Added Pin To Net: NetName=3V3D Pin=R21-2
Added Pin To Net: NetName=3V3D Pin=R23-1
Added Pin To Net: NetName=3V3D Pin=U1-7
Added Pin To Net: NetName=3V3D Pin=U4-7
Added Net: Name=3V3D
Added Pin To Net: NetName=ADC_ON Pin=B1-5
Added Pin To Net: NetName=ADC_ON Pin=R11-2
Added Pin To Net: NetName=ADC_ON Pin=R12-1
Added Net: Name=ADC_ON
Added Pin To Net: NetName=B- Pin=B5-2
Added Pin To Net: NetName=B- Pin=C23-1
Added Pin To Net: NetName=B- Pin=D7-1
Added Pin To Net: NetName=B- Pin=U7-2
Added Net: Name=B-
Added Pin To Net: NetName=BOOT Pin=B1-23
Added Pin To Net: NetName=BOOT Pin=C6-2
Added Pin To Net: NetName=BOOT Pin=Q1-6
Added Pin To Net: NetName=BOOT Pin=R5-1
Added Pin To Net: NetName=BOOT Pin=SW2-1
Added Net: Name=BOOT
Added Pin To Net: NetName=BTN Pin=B1-13
Added Pin To Net: NetName=BTN Pin=C7-2
Added Pin To Net: NetName=BTN Pin=C8-2
Added Pin To Net: NetName=BTN Pin=D1-C
Added Pin To Net: NetName=BTN Pin=J2-4
Added Pin To Net: NetName=BTN Pin=R7-1
Added Pin To Net: NetName=BTN Pin=R8-1
Added Pin To Net: NetName=BTN Pin=R8-2
Added Pin To Net: NetName=BTN Pin=SW3-1
Added Net: Name=BTN
Added Pin To Net: NetName=CHIP_PU Pin=B1-8
Added Pin To Net: NetName=CHIP_PU Pin=C4-2
Added Pin To Net: NetName=CHIP_PU Pin=C5-2
Added Pin To Net: NetName=CHIP_PU Pin=Q1-3
Added Pin To Net: NetName=CHIP_PU Pin=R4-1
Added Pin To Net: NetName=CHIP_PU Pin=SW1-1
Added Net: Name=CHIP_PU
Added Pin To Net: NetName=CHRG Pin=R30-1
Added Pin To Net: NetName=CHRG Pin=U5-7
Added Net: Name=CHRG
Added Pin To Net: NetName=CLK Pin=B1-21
Added Pin To Net: NetName=CLK Pin=B3-6
Added Pin To Net: NetName=CLK Pin=R19-2
Added Net: Name=CLK
Added Pin To Net: NetName=CS Pin=B1-20
Added Pin To Net: NetName=CS Pin=B3-1
Added Pin To Net: NetName=CS Pin=R15-1
Added Net: Name=CS
Added Pin To Net: NetName=DTR_USB Pin=Q1-1
Added Pin To Net: NetName=DTR_USB Pin=Q1-5
Added Pin To Net: NetName=DTR_USB Pin=U1-6
Added Net: Name=DTR_USB
Added Pin To Net: NetName=ESP_VBAT Pin=B1-15
Added Pin To Net: NetName=ESP_VBAT Pin=R4-2
Added Pin To Net: NetName=ESP_VBAT Pin=R5-2
Added Net: Name=ESP_VBAT
Added Pin To Net: NetName=FLASH_SDI Pin=B1-24
Added Pin To Net: NetName=FLASH_SDI Pin=B3-5
Added Pin To Net: NetName=FLASH_SDI Pin=R18-2
Added Net: Name=FLASH_SDI
Added Pin To Net: NetName=FLASH_SDO Pin=B1-16
Added Pin To Net: NetName=FLASH_SDO Pin=B3-2
Added Pin To Net: NetName=FLASH_SDO Pin=R17-2
Added Net: Name=FLASH_SDO
Added Pin To Net: NetName=GND Pin=B1-1
Added Pin To Net: NetName=GND Pin=B1-2
Added Pin To Net: NetName=GND Pin=B1-11
Added Pin To Net: NetName=GND Pin=B1-14
Added Pin To Net: NetName=GND Pin=B1-36
Added Pin To Net: NetName=GND Pin=B1-37
Added Pin To Net: NetName=GND Pin=B1-38
Added Pin To Net: NetName=GND Pin=B1-39
Added Pin To Net: NetName=GND Pin=B1-40
Added Pin To Net: NetName=GND Pin=B1-41
Added Pin To Net: NetName=GND Pin=B1-42
Added Pin To Net: NetName=GND Pin=B1-43
Added Pin To Net: NetName=GND Pin=B1-44
Added Pin To Net: NetName=GND Pin=B1-45
Added Pin To Net: NetName=GND Pin=B1-46
Added Pin To Net: NetName=GND Pin=B1-47
Added Pin To Net: NetName=GND Pin=B1-48
Added Pin To Net: NetName=GND Pin=B1-49
Added Pin To Net: NetName=GND Pin=B1-50
Added Pin To Net: NetName=GND Pin=B1-51
Added Pin To Net: NetName=GND Pin=B1-52
Added Pin To Net: NetName=GND Pin=B1-53
Added Pin To Net: NetName=GND Pin=B1-54
Added Pin To Net: NetName=GND Pin=B1-55
Added Pin To Net: NetName=GND Pin=B1-56
Added Pin To Net: NetName=GND Pin=B1-57
Added Pin To Net: NetName=GND Pin=B1-58
Added Pin To Net: NetName=GND Pin=B1-59
Added Pin To Net: NetName=GND Pin=B1-60
Added Pin To Net: NetName=GND Pin=B1-61
Added Pin To Net: NetName=GND Pin=B2-2
Added Pin To Net: NetName=GND Pin=B3-4
Added Pin To Net: NetName=GND Pin=B4-1
Added Pin To Net: NetName=GND Pin=B5-4
Added Pin To Net: NetName=GND Pin=B5-5
Added Pin To Net: NetName=GND Pin=B7-1
Added Pin To Net: NetName=GND Pin=C1-1
Added Pin To Net: NetName=GND Pin=C2-1
Added Pin To Net: NetName=GND Pin=C3-1
Added Pin To Net: NetName=GND Pin=C4-1
Added Pin To Net: NetName=GND Pin=C5-1
Added Pin To Net: NetName=GND Pin=C6-1
Added Pin To Net: NetName=GND Pin=C7-1
Added Pin To Net: NetName=GND Pin=C8-1
Added Pin To Net: NetName=GND Pin=C9-1
Added Pin To Net: NetName=GND Pin=C10-2
Added Pin To Net: NetName=GND Pin=C11-1
Added Pin To Net: NetName=GND Pin=C12-1
Added Pin To Net: NetName=GND Pin=C13-1
Added Pin To Net: NetName=GND Pin=C14-1
Added Pin To Net: NetName=GND Pin=C15-1
Added Pin To Net: NetName=GND Pin=C16-1
Added Pin To Net: NetName=GND Pin=C17-1
Added Pin To Net: NetName=GND Pin=C18-1
Added Pin To Net: NetName=GND Pin=C19-2
Added Pin To Net: NetName=GND Pin=C20-1
Added Pin To Net: NetName=GND Pin=C21-1
Added Pin To Net: NetName=GND Pin=C22-1
Added Pin To Net: NetName=GND Pin=C24-1
Added Pin To Net: NetName=GND Pin=C25-1
Added Pin To Net: NetName=GND Pin=C26-1
Added Pin To Net: NetName=GND Pin=C27-1
Added Pin To Net: NetName=GND Pin=C28-1
Added Pin To Net: NetName=GND Pin=C29-1
Added Pin To Net: NetName=GND Pin=C30-1
Added Pin To Net: NetName=GND Pin=C31-1
Added Pin To Net: NetName=GND Pin=D1-A
Added Pin To Net: NetName=GND Pin=D2-2
Added Pin To Net: NetName=GND Pin=D8-2
Added Pin To Net: NetName=GND Pin=D9-2
Added Pin To Net: NetName=GND Pin=D9-5
Added Pin To Net: NetName=GND Pin=J1-2
Added Pin To Net: NetName=GND Pin=J2-2
Added Pin To Net: NetName=GND Pin=J2-3
Added Pin To Net: NetName=GND Pin=J3-3
Added Pin To Net: NetName=GND Pin=J4-2
Added Pin To Net: NetName=GND Pin=J5-4
Added Pin To Net: NetName=GND Pin=Q-E
Added Pin To Net: NetName=GND Pin=R12-2
Added Pin To Net: NetName=GND Pin=R14-1
Added Pin To Net: NetName=GND Pin=R17-1
Added Pin To Net: NetName=GND Pin=R18-1
Added Pin To Net: NetName=GND Pin=R19-1
Added Pin To Net: NetName=GND Pin=R20-2
Added Pin To Net: NetName=GND Pin=R28-1
Added Pin To Net: NetName=GND Pin=SW1-2
Added Pin To Net: NetName=GND Pin=SW2-2
Added Pin To Net: NetName=GND Pin=SW3-2
Added Pin To Net: NetName=GND Pin=U1-0
Added Pin To Net: NetName=GND Pin=U1-3
Added Pin To Net: NetName=GND Pin=U3-2
Added Pin To Net: NetName=GND Pin=U4-5
Added Pin To Net: NetName=GND Pin=U5-1
Added Pin To Net: NetName=GND Pin=U5-3
Added Pin To Net: NetName=GND Pin=U5-9
Added Net: Name=GND
Added Pin To Net: NetName=LED Pin=B1-6
Added Pin To Net: NetName=LED Pin=R37-2
Added Net: Name=LED
Added Pin To Net: NetName=LOG Pin=B1-22
Added Pin To Net: NetName=LOG Pin=R6-1
Added Net: Name=LOG
Added Pin To Net: NetName=Mout Pin=C24-2
Added Pin To Net: NetName=Mout Pin=C25-2
Added Pin To Net: NetName=Mout Pin=D8-6
Added Pin To Net: NetName=Mout Pin=D9-6
Added Pin To Net: NetName=Mout Pin=F1-2
Added Pin To Net: NetName=Mout Pin=R35-1
Added Pin To Net: NetName=Mout Pin=TP3-TP?
Added Net: Name=Mout
Added Pin To Net: NetName=NetB2_1 Pin=B2-1
Added Pin To Net: NetName=NetB2_1 Pin=C12-2
Added Pin To Net: NetName=NetB2_1 Pin=C13-2
Added Pin To Net: NetName=NetB2_1 Pin=FB2-1
Added Net: Name=NetB2_1
Added Pin To Net: NetName=NetB2_3 Pin=B2-3
Added Pin To Net: NetName=NetB2_3 Pin=R13-1
Added Net: Name=NetB2_3
Added Pin To Net: NetName=NetB4_3 Pin=B4-3
Added Pin To Net: NetName=NetB4_3 Pin=C19-1
Added Pin To Net: NetName=NetB4_3 Pin=J5-1
Added Net: Name=NetB4_3
Added Pin To Net: NetName=NetB5_3 Pin=B5-3
Added Pin To Net: NetName=NetB5_3 Pin=C23-2
Added Pin To Net: NetName=NetB5_3 Pin=R31-1
Added Net: Name=NetB5_3
Added Pin To Net: NetName=NetB6_1 Pin=B6-1
Added Pin To Net: NetName=NetB6_1 Pin=R33-2
Added Pin To Net: NetName=NetB6_1 Pin=U6-3
Added Net: Name=NetB6_1
Added Pin To Net: NetName=NetB6_2 Pin=B6-2
Added Pin To Net: NetName=NetB6_2 Pin=R32-1
Added Pin To Net: NetName=NetB6_2 Pin=U7-3
Added Net: Name=NetB6_2
Added Pin To Net: NetName=NetB7_3 Pin=B7-3
Added Pin To Net: NetName=NetB7_3 Pin=C28-2
Added Pin To Net: NetName=NetB7_3 Pin=C31-2
Added Pin To Net: NetName=NetB7_3 Pin=J1-4
Added Net: Name=NetB7_3
Added Pin To Net: NetName=NetC11_2 Pin=C11-2
Added Pin To Net: NetName=NetC11_2 Pin=U1-10
Added Net: Name=NetC11_2
Added Pin To Net: NetName=NetC14_2 Pin=C14-2
Added Pin To Net: NetName=NetC14_2 Pin=R10-1
Added Pin To Net: NetName=NetC14_2 Pin=R13-2
Added Pin To Net: NetName=NetC14_2 Pin=R14-2
Added Net: Name=NetC14_2
Added Pin To Net: NetName=NetD4_1 Pin=D4-1
Added Pin To Net: NetName=NetD4_1 Pin=R30-2
Added Net: Name=NetD4_1
Added Pin To Net: NetName=NetD5_1 Pin=D5-1
Added Pin To Net: NetName=NetD5_1 Pin=R29-2
Added Net: Name=NetD5_1
Added Pin To Net: NetName=NetD6_1 Pin=D6-1
Added Pin To Net: NetName=NetD6_1 Pin=R32-2
Added Pin To Net: NetName=NetD6_1 Pin=U6-1
Added Net: Name=NetD6_1
Added Pin To Net: NetName=NetD7_2 Pin=D7-2
Added Pin To Net: NetName=NetD7_2 Pin=R33-1
Added Pin To Net: NetName=NetD7_2 Pin=U7-1
Added Net: Name=NetD7_2
Added Pin To Net: NetName=NetD8_3 Pin=D8-3
Added Pin To Net: NetName=NetD8_3 Pin=R36-1
Added Net: Name=NetD8_3
Added Pin To Net: NetName=NetD9_3 Pin=D9-3
Added Pin To Net: NetName=NetD9_3 Pin=R34-2
Added Net: Name=NetD9_3
Added Pin To Net: NetName=NetF1_1 Pin=F1-1
Added Pin To Net: NetName=NetF1_1 Pin=J1-3
Added Net: Name=NetF1_1
Added Pin To Net: NetName=NetJ1_1 Pin=J1-1
Added Pin To Net: NetName=NetJ1_1 Pin=R26-1
Added Net: Name=NetJ1_1
Added Pin To Net: NetName=NetJ2_1 Pin=J2-1
Added Pin To Net: NetName=NetJ2_1 Pin=R37-1
Added Net: Name=NetJ2_1
Added Pin To Net: NetName=NetJ4_1 Pin=J4-1
Added Pin To Net: NetName=NetJ4_1 Pin=R22-1
Added Net: Name=NetJ4_1
Added Pin To Net: NetName=NetQ_B Pin=Q-B
Added Pin To Net: NetName=NetQ_B Pin=R25-1
Added Net: Name=NetQ_B
Added Pin To Net: NetName=NetQ_C Pin=Q-C
Added Pin To Net: NetName=NetQ_C Pin=R23-2
Added Pin To Net: NetName=NetQ_C Pin=R24-2
Added Net: Name=NetQ_C
Added Pin To Net: NetName=NetR3_2 Pin=R3-2
Added Pin To Net: NetName=NetR3_2 Pin=R21-1
Added Pin To Net: NetName=NetR3_2 Pin=U4-2
Added Net: Name=NetR3_2
Added Pin To Net: NetName=NetR9_1 Pin=R9-1
Added Pin To Net: NetName=NetR9_1 Pin=U2-1
Added Pin To Net: NetName=NetR9_1 Pin=U3-3
Added Net: Name=NetR9_1
Added Pin To Net: NetName=NetR10_2 Pin=R10-2
Added Pin To Net: NetName=NetR10_2 Pin=U2-3
Added Net: Name=NetR10_2
Added Pin To Net: NetName=NetR11_1 Pin=R11-1
Added Pin To Net: NetName=NetR11_1 Pin=U3-1
Added Net: Name=NetR11_1
Added Pin To Net: NetName=NetR20_1 Pin=R20-1
Added Pin To Net: NetName=NetR20_1 Pin=U4-8
Added Net: Name=NetR20_1
Added Pin To Net: NetName=NetR28_2 Pin=R28-2
Added Pin To Net: NetName=NetR28_2 Pin=U5-2
Added Net: Name=NetR28_2
Added Pin To Net: NetName=R\T\C\_\I\N\T\ Pin=B1-9
Added Pin To Net: NetName=R\T\C\_\I\N\T\ Pin=R3-1
Added Net: Name=R\T\C\_\I\N\T\
Added Pin To Net: NetName=RTS_USB Pin=Q1-2
Added Pin To Net: NetName=RTS_USB Pin=Q1-4
Added Pin To Net: NetName=RTS_USB Pin=U1-5
Added Net: Name=RTS_USB
Added Pin To Net: NetName=RX_USB Pin=B1-31
Added Pin To Net: NetName=RX_USB Pin=U1-9
Added Net: Name=RX_USB
Added Pin To Net: NetName=SCL Pin=B1-19
Added Pin To Net: NetName=SCL Pin=B2-5
Added Pin To Net: NetName=SCL Pin=J3-2
Added Pin To Net: NetName=SCL Pin=R1-1
Added Pin To Net: NetName=SCL Pin=U4-3
Added Net: Name=SCL
Added Pin To Net: NetName=SDA Pin=B1-18
Added Pin To Net: NetName=SDA Pin=B2-4
Added Pin To Net: NetName=SDA Pin=J3-1
Added Pin To Net: NetName=SDA Pin=R2-1
Added Pin To Net: NetName=SDA Pin=U4-4
Added Net: Name=SDA
Added Pin To Net: NetName=ST_PIN Pin=B1-10
Added Pin To Net: NetName=ST_PIN Pin=D8-5
Added Pin To Net: NetName=ST_PIN Pin=R35-2
Added Net: Name=ST_PIN
Added Pin To Net: NetName=STNDBY Pin=R29-1
Added Pin To Net: NetName=STNDBY Pin=U5-6
Added Net: Name=STNDBY
Added Pin To Net: NetName=TP4056_VCC Pin=C20-2
Added Pin To Net: NetName=TP4056_VCC Pin=R27-2
Added Pin To Net: NetName=TP4056_VCC Pin=TP1-TP?
Added Pin To Net: NetName=TP4056_VCC Pin=U5-4
Added Pin To Net: NetName=TP4056_VCC Pin=U5-8
Added Net: Name=TP4056_VCC
Added Pin To Net: NetName=TX_USB Pin=B1-30
Added Pin To Net: NetName=TX_USB Pin=U1-8
Added Net: Name=TX_USB
Added Pin To Net: NetName=USB_D+ Pin=B1-26
Added Net: Name=USB_D+
Added Pin To Net: NetName=USB_D- Pin=B1-27
Added Net: Name=USB_D-
Added Pin To Net: NetName=USB_DET Pin=B1-12
Added Pin To Net: NetName=USB_DET Pin=R24-1
Added Net: Name=USB_DET
Added Pin To Net: NetName=USB_PRG_N Pin=D2-1
Added Pin To Net: NetName=USB_PRG_N Pin=D2-6
Added Pin To Net: NetName=USB_PRG_N Pin=J5-2
Added Pin To Net: NetName=USB_PRG_N Pin=U1-2
Added Net: Name=USB_PRG_N
Added Pin To Net: NetName=USB_PRG_P Pin=D2-3
Added Pin To Net: NetName=USB_PRG_P Pin=D2-4
Added Pin To Net: NetName=USB_PRG_P Pin=J5-3
Added Pin To Net: NetName=USB_PRG_P Pin=U1-1
Added Net: Name=USB_PRG_P
Added Pin To Net: NetName=VBACK Pin=C18-2
Added Pin To Net: NetName=VBACK Pin=R22-2
Added Pin To Net: NetName=VBACK Pin=U4-6
Added Net: Name=VBACK
Added Pin To Net: NetName=VBUS Pin=B4-2
Added Pin To Net: NetName=VBUS Pin=C10-1
Added Pin To Net: NetName=VBUS Pin=C26-2
Added Pin To Net: NetName=VBUS Pin=D2-5
Added Pin To Net: NetName=VBUS Pin=D4-2
Added Pin To Net: NetName=VBUS Pin=D5-2
Added Pin To Net: NetName=VBUS Pin=D8-1
Added Pin To Net: NetName=VBUS Pin=R25-2
Added Pin To Net: NetName=VBUS Pin=R26-2
Added Pin To Net: NetName=VBUS Pin=R27-1
Added Pin To Net: NetName=VBUS Pin=R34-1
Added Pin To Net: NetName=VBUS Pin=TP2-TP?
Added Pin To Net: NetName=VBUS Pin=U1-4
Added Net: Name=VBUS
Added Pin To Net: NetName=Vin2 Pin=C21-2
Added Pin To Net: NetName=Vin2 Pin=C22-2
Added Pin To Net: NetName=Vin2 Pin=C27-2
Added Pin To Net: NetName=Vin2 Pin=D6-2
Added Pin To Net: NetName=Vin2 Pin=D9-1
Added Pin To Net: NetName=Vin2 Pin=R9-2
Added Pin To Net: NetName=Vin2 Pin=R31-2
Added Pin To Net: NetName=Vin2 Pin=R36-2
Added Pin To Net: NetName=Vin2 Pin=TP4-TP?
Added Pin To Net: NetName=Vin2 Pin=U2-2
Added Pin To Net: NetName=Vin2 Pin=U5-5
Added Pin To Net: NetName=Vin2 Pin=U6-2
Added Net: Name=Vin2
Added Pin To Net: NetName=WP_HLD Pin=B3-3
Added Pin To Net: NetName=WP_HLD Pin=B3-7
Added Pin To Net: NetName=WP_HLD Pin=R16-1
Added Net: Name=WP_HLD
Added Class: Name=Battery_Charger
Added Class: Name=Battery_Protection
Added Class: Name=Designator
Add Class: Class already exists: Designator
Added Class: Name=NOR_FLASH
Added Class: Name=Power_MUX
Added Class: Name=Temp_Sensor
Added Class: Name=TopDesign
Added Class: Name=ULP_ADC
Added Class: Name=ULP_RTC
Added Class: Name=USB_CON
Added Class: Name=USB_Programmer
Added Class: Name=Voltage_Regulator(ULP)
Added Class: Name=POWER_NET
